 24-Jun-24 07:56:08  INFO  LOGFILE CREATED : vidivi-24-06-2024-07:56:08.log 
 24-Jun-24 07:56:08  INFO   
 24-Jun-24 07:56:08  INFO  ******************** Check Images List ************************************************************************************ 
 24-Jun-24 07:56:08  INFO   
 24-Jun-24 07:56:08  INFO  IMAGES= [['mosipdev/mock-relying-party-ui:develop', 'develop']] 
 24-Jun-24 07:56:08  INFO   
 24-Jun-24 07:56:08  INFO  ************************************************** 
 24-Jun-24 07:56:08  INFO  ******************** Print the destination image hash before push ******************** 
 24-Jun-24 07:56:08  INFO  ************************************************** 
 24-Jun-24 07:56:08  DEBUG  Starting new HTTPS connection (1): auth.docker.io:443 
 24-Jun-24 07:56:08  DEBUG  https://auth.docker.io:443 "GET /token?service=registry.docker.io&scope=repository:rakshitharakshu/mock-relying-party-ui:pull HTTP/1.1" 200 None 
 24-Jun-24 07:56:08  DEBUG  Starting new HTTPS connection (1): registry-1.docker.io:443 
 24-Jun-24 07:56:08  DEBUG  https://registry-1.docker.io:443 "GET /v2/rakshitharakshu/mock-relying-party-ui/manifests/develop HTTP/1.1" 401 180 
 24-Jun-24 07:56:08  INFO   
 24-Jun-24 07:56:08  INFO  ==== Destination Image Hash Before Push = "rakshitharakshu/mock-relying-party-ui:develop" IMAGE_ID :  
 24-Jun-24 07:56:08  INFO   
 24-Jun-24 07:56:08  INFO   
 24-Jun-24 07:56:08  INFO  ******************** Check existence of Source Images ******************************************************************* 
 24-Jun-24 07:56:08  INFO   
 24-Jun-24 07:56:08  INFO  src = "mosipdev/mock-relying-party-ui" tag = "develop" 
 24-Jun-24 07:56:08  DEBUG  Starting new HTTPS connection (1): index.docker.io:443 
 24-Jun-24 07:56:08  DEBUG  https://index.docker.io:443 "GET /v1/repositories/mosipdev/mock-relying-party-ui/tags/develop HTTP/1.1" 410 140 
 24-Jun-24 07:56:08  INFO   
 24-Jun-24 07:56:08  INFO  ******************** Check existence of Destination Docker Account *************************************************************** 
 24-Jun-24 07:56:08  DEBUG  Starting new HTTPS connection (1): hub.docker.com:443 
 24-Jun-24 07:56:09  DEBUG  https://hub.docker.com:443 "GET /v2/users/rakshitharakshu HTTP/1.1" 200 272 
 24-Jun-24 07:56:09  INFO   
 24-Jun-24 07:56:09  INFO  ******************** Check existence of Destination Images *************************************************************** 
 24-Jun-24 07:56:09  INFO   
 24-Jun-24 07:56:09  INFO  [ rakshitharakshu/mock-relying-party-ui ]  
 24-Jun-24 07:56:09  INFO  Destination Image = "rakshitharakshu/mock-relying-party-ui" Destination Image tag = "develop" 
 24-Jun-24 07:56:09  DEBUG  Starting new HTTPS connection (1): index.docker.io:443 
 24-Jun-24 07:56:09  DEBUG  https://index.docker.io:443 "GET /v1/repositories/rakshitharakshu/mock-relying-party-ui/tags/develop HTTP/1.1" 410 140 
 24-Jun-24 07:56:09  INFO   
 24-Jun-24 07:56:09  INFO  ******************** HASH Operation Results ********************************************************************** 
 24-Jun-24 07:56:09  INFO   
 24-Jun-24 07:56:09  INFO  ******************** Start Image Transfer operation *********************************************************************** 
 24-Jun-24 07:56:09  DEBUG  Trying paths: ['/root/.docker/config.json', '/root/.dockercfg'] 
 24-Jun-24 07:56:09  DEBUG  Found file at path: /root/.docker/config.json 
 24-Jun-24 07:56:09  DEBUG  Couldn't find auth-related section ; attempting to interpret as auth-only file 
 24-Jun-24 07:56:09  DEBUG  Auth data for auths is absent. Client might be using a credentials store instead. 
 24-Jun-24 07:56:09  DEBUG  http://localhost:None "GET /version HTTP/1.1" 200 824 
 24-Jun-24 07:56:09  DEBUG  Looking for auth entry for 'docker.io' 
 24-Jun-24 07:56:09  DEBUG  No entry found 
 24-Jun-24 07:56:09  DEBUG  http://localhost:None "POST /v1.45/auth HTTP/1.1" 200 48 
 24-Jun-24 07:56:09  INFO   
 24-Jun-24 07:56:09  INFO  ********** [ rakshitharakshu/mock-relying-party-ui:develop ] **************************************************** 
 24-Jun-24 07:56:09  INFO   
 24-Jun-24 07:56:09  INFO  [ PULL ----------------------> mosipdev/mock-relying-party-ui:develop ]  
 24-Jun-24 07:56:09  DEBUG  Looking for auth config 
 24-Jun-24 07:56:09  DEBUG  Looking for auth entry for 'docker.io' 
 24-Jun-24 07:56:09  DEBUG  Found 'https://index.docker.io/v1/' 
 24-Jun-24 07:56:09  DEBUG  Found auth config 
 24-Jun-24 07:56:09  DEBUG  http://localhost:None "POST /v1.45/images/create?tag=develop&fromImage=mosipdev%2Fmock-relying-party-ui HTTP/1.1" 200 None 
 24-Jun-24 07:56:14  INFO  Status: Downloaded newer image for mosipdev/mock-relying-party-ui:develop 
 24-Jun-24 07:56:14  DEBUG  http://localhost:None "POST /v1.45/images/mosipdev/mock-relying-party-ui:develop/tag?tag=develop&repo=rakshitharakshu%2Fmock-relying-party-ui&force=1 HTTP/1.1" 201 0 
 24-Jun-24 07:56:14  INFO   
 24-Jun-24 07:56:14  INFO  [ PUSH -----> mosipdev/mock-relying-party-ui:develop	------> rakshitharakshu/mock-relying-party-ui:develop ]  
 24-Jun-24 07:56:14  DEBUG  Looking for auth config 
 24-Jun-24 07:56:14  DEBUG  Looking for auth entry for 'docker.io' 
 24-Jun-24 07:56:14  DEBUG  Found 'https://index.docker.io/v1/' 
 24-Jun-24 07:56:14  DEBUG  Found auth config 
 24-Jun-24 07:56:14  DEBUG  http://localhost:None "POST /v1.45/images/rakshitharakshu/mock-relying-party-ui/push?tag=develop HTTP/1.1" 200 None 
 24-Jun-24 07:56:18  INFO  develop: digest: sha256:90e27f2c64251e40d4a0b54c07a117a8737d3e91bb18be6d986fd6c6e19ffd1b size: 3032 
 24-Jun-24 07:56:18  INFO   
 24-Jun-24 07:56:18  INFO  [ PUSH -----> mosipdev/mock-relying-party-ui:develop	------> rakshitharakshu/mock-relying-party-ui:latest ]  
 24-Jun-24 07:56:18  DEBUG  http://localhost:None "POST /v1.45/images/mosipdev/mock-relying-party-ui:develop/tag?tag=latest&repo=rakshitharakshu%2Fmock-relying-party-ui&force=1 HTTP/1.1" 201 0 
 24-Jun-24 07:56:18  DEBUG  Looking for auth config 
 24-Jun-24 07:56:18  DEBUG  Looking for auth entry for 'docker.io' 
 24-Jun-24 07:56:18  DEBUG  Found 'https://index.docker.io/v1/' 
 24-Jun-24 07:56:18  DEBUG  Found auth config 
 24-Jun-24 07:56:18  DEBUG  http://localhost:None "POST /v1.45/images/rakshitharakshu/mock-relying-party-ui/push?tag=latest HTTP/1.1" 200 None 
 24-Jun-24 07:56:19  INFO  latest: digest: sha256:90e27f2c64251e40d4a0b54c07a117a8737d3e91bb18be6d986fd6c6e19ffd1b size: 3032 
 24-Jun-24 07:56:19  DEBUG  http://localhost:None "GET /v1.45/images/json?only_ids=0&all=0&filters=%7B%22reference%22%3A+%5B%22mosipdev%2Fmock-relying-party-ui%3Adevelop%22%5D%7D HTTP/1.1" 200 445 
 24-Jun-24 07:56:19  DEBUG  http://localhost:None "GET /v1.45/images/sha256:9a21480ca92059373c5f746d726759ef9f061d133d23b615704091706b6fc1ac/json HTTP/1.1" 200 None 
 24-Jun-24 07:56:19  DEBUG  http://localhost:None "DELETE /v1.45/images/mosipdev/mock-relying-party-ui:develop?force=False&noprune=False HTTP/1.1" 200 174 
 24-Jun-24 07:56:19  DEBUG  http://localhost:None "GET /v1.45/images/json?only_ids=0&all=0&filters=%7B%22reference%22%3A+%5B%22rakshitharakshu%2Fmock-relying-party-ui%3Adevelop%22%5D%7D HTTP/1.1" 200 452 
 24-Jun-24 07:56:19  DEBUG  http://localhost:None "GET /v1.45/images/sha256:9a21480ca92059373c5f746d726759ef9f061d133d23b615704091706b6fc1ac/json HTTP/1.1" 200 None 
 24-Jun-24 07:56:19  DEBUG  http://localhost:None "DELETE /v1.45/images/rakshitharakshu/mock-relying-party-ui:develop?force=False&noprune=False HTTP/1.1" 200 63 
 24-Jun-24 07:56:19  DEBUG  http://localhost:None "GET /v1.45/images/json?only_ids=0&all=0&filters=%7B%22reference%22%3A+%5B%22rakshitharakshu%2Fmock-relying-party-ui%3Alatest%22%5D%7D HTTP/1.1" 200 451 
 24-Jun-24 07:56:19  DEBUG  http://localhost:None "GET /v1.45/images/sha256:9a21480ca92059373c5f746d726759ef9f061d133d23b615704091706b6fc1ac/json HTTP/1.1" 200 None 
 24-Jun-24 07:56:19  DEBUG  http://localhost:None "DELETE /v1.45/images/rakshitharakshu/mock-relying-party-ui:latest?force=False&noprune=False HTTP/1.1" 200 1391 
 24-Jun-24 07:56:19  INFO  Completed mosipdev/mock-relying-party-ui:develop	------> rakshitharakshu/mock-relying-party-ui:develop 
