 21-Jan-25 09:12:01  INFO  LOGFILE CREATED : vidivi.log 
 21-Jan-25 09:12:01  INFO   
 21-Jan-25 09:12:01  INFO  ******************** Check Images List ************************************************************************************ 
 21-Jan-25 09:12:01  INFO   
 21-Jan-25 09:12:01  INFO  IMAGES= [['mosipdev/pmp-revamp-ui:develop', 'develop'], ['mosipdev/partner-management-service:develop-pmp-revamp', 'develop-pmp-revamp'], ['mosipdev/policy-management-service:develop-pmp-revamp', 'develop-pmp-revamp']] 
 21-Jan-25 09:12:01  INFO   
 21-Jan-25 09:12:01  INFO  ******************** Check existence of Source Images ******************************************************************* 
 21-Jan-25 09:12:01  INFO   
 21-Jan-25 09:12:01  INFO  src = "mosipdev/pmp-revamp-ui" tag = "develop" 
 21-Jan-25 09:12:01  DEBUG  Starting new HTTPS connection (1): auth.docker.io:443 
 21-Jan-25 09:12:01  DEBUG  https://auth.docker.io:443 "GET /token?service=registry.docker.io&scope=repository:mosipdev/pmp-revamp-ui:pull HTTP/1.1" 200 None 
 21-Jan-25 09:12:01  DEBUG  Starting new HTTPS connection (1): registry.hub.docker.com:443 
 21-Jan-25 09:12:01  DEBUG  https://registry.hub.docker.com:443 "GET /v2/repositories/mosipdev/pmp-revamp-ui/tags/develop HTTP/1.1" 200 812 
 21-Jan-25 09:12:01  INFO   
 21-Jan-25 09:12:01  INFO  src = "mosipdev/partner-management-service" tag = "develop-pmp-revamp" 
 21-Jan-25 09:12:01  DEBUG  Starting new HTTPS connection (1): auth.docker.io:443 
 21-Jan-25 09:12:01  DEBUG  https://auth.docker.io:443 "GET /token?service=registry.docker.io&scope=repository:mosipdev/partner-management-service:pull HTTP/1.1" 200 None 
 21-Jan-25 09:12:01  DEBUG  Starting new HTTPS connection (1): registry.hub.docker.com:443 
 21-Jan-25 09:12:01  DEBUG  https://registry.hub.docker.com:443 "GET /v2/repositories/mosipdev/partner-management-service/tags/develop-pmp-revamp HTTP/1.1" 200 825 
 21-Jan-25 09:12:01  INFO   
 21-Jan-25 09:12:01  INFO  src = "mosipdev/policy-management-service" tag = "develop-pmp-revamp" 
 21-Jan-25 09:12:01  DEBUG  Starting new HTTPS connection (1): auth.docker.io:443 
 21-Jan-25 09:12:01  DEBUG  https://auth.docker.io:443 "GET /token?service=registry.docker.io&scope=repository:mosipdev/policy-management-service:pull HTTP/1.1" 200 None 
 21-Jan-25 09:12:01  DEBUG  Starting new HTTPS connection (1): registry.hub.docker.com:443 
 21-Jan-25 09:12:01  DEBUG  https://registry.hub.docker.com:443 "GET /v2/repositories/mosipdev/policy-management-service/tags/develop-pmp-revamp HTTP/1.1" 200 825 
 21-Jan-25 09:12:01  INFO   
 21-Jan-25 09:12:01  INFO  ******************** Check existence of Destination Docker Account *************************************************************** 
 21-Jan-25 09:12:01  DEBUG  Starting new HTTPS connection (1): hub.docker.com:443 
 21-Jan-25 09:12:01  DEBUG  https://hub.docker.com:443 "GET /v2/users/mosipqa HTTP/1.1" 308 0 
 21-Jan-25 09:12:01  DEBUG  https://hub.docker.com:443 "GET /v2/orgs/mosipqa HTTP/1.1" 200 341 
 21-Jan-25 09:12:01  INFO   
 21-Jan-25 09:12:01  INFO  ******************** Check existence of Destination Images *************************************************************** 
 21-Jan-25 09:12:01  DEBUG  Starting new HTTPS connection (1): auth.docker.io:443 
 21-Jan-25 09:12:02  DEBUG  https://auth.docker.io:443 "GET /token?service=registry.docker.io&scope=repository:mosipqa/pmp-revamp-ui:pull HTTP/1.1" 200 None 
 21-Jan-25 09:12:02  DEBUG  Starting new HTTPS connection (1): registry-1.docker.io:443 
 21-Jan-25 09:12:02  DEBUG  https://registry-1.docker.io:443 "GET /v2/mosipqa/pmp-revamp-ui/manifests/develop HTTP/1.1" 200 3862 
 21-Jan-25 09:12:02  INFO   
 21-Jan-25 09:12:02  INFO  [ mosipqa/pmp-revamp-ui ]  
 21-Jan-25 09:12:02  INFO  Destination Image = "mosipqa/pmp-revamp-ui" Destination Image tag = "develop" IMAGE_ID : "sha256:5ee9436f01282b7750aec53ce0ea0544d4c0ff1240b5e1ecfd71197b29ab62f9" 
 21-Jan-25 09:12:02  DEBUG  Starting new HTTPS connection (1): auth.docker.io:443 
 21-Jan-25 09:12:02  DEBUG  https://auth.docker.io:443 "GET /token?service=registry.docker.io&scope=repository:mosipqa/pmp-revamp-ui:pull HTTP/1.1" 200 None 
 21-Jan-25 09:12:02  DEBUG  Starting new HTTPS connection (1): registry.hub.docker.com:443 
 21-Jan-25 09:12:02  DEBUG  https://registry.hub.docker.com:443 "GET /v2/repositories/mosipqa/pmp-revamp-ui/tags/develop HTTP/1.1" 200 804 
 21-Jan-25 09:12:02  DEBUG  Starting new HTTPS connection (1): auth.docker.io:443 
 21-Jan-25 09:12:02  DEBUG  https://auth.docker.io:443 "GET /token?service=registry.docker.io&scope=repository:mosipqa/partner-management-service:pull HTTP/1.1" 200 None 
 21-Jan-25 09:12:02  DEBUG  Starting new HTTPS connection (1): registry-1.docker.io:443 
 21-Jan-25 09:12:02  DEBUG  https://registry-1.docker.io:443 "GET /v2/mosipqa/partner-management-service/manifests/develop-pmp-revamp HTTP/1.1" 200 2638 
 21-Jan-25 09:12:02  INFO   
 21-Jan-25 09:12:02  INFO  [ mosipqa/partner-management-service ]  
 21-Jan-25 09:12:02  INFO  Destination Image = "mosipqa/partner-management-service" Destination Image tag = "develop-pmp-revamp" IMAGE_ID : "sha256:f204b18e76834e954586cd0e72ee88878dffd06a9c90a802291c774453ff8314" 
 21-Jan-25 09:12:02  DEBUG  Starting new HTTPS connection (1): auth.docker.io:443 
 21-Jan-25 09:12:02  DEBUG  https://auth.docker.io:443 "GET /token?service=registry.docker.io&scope=repository:mosipqa/partner-management-service:pull HTTP/1.1" 200 None 
 21-Jan-25 09:12:02  DEBUG  Starting new HTTPS connection (1): registry.hub.docker.com:443 
 21-Jan-25 09:12:02  DEBUG  https://registry.hub.docker.com:443 "GET /v2/repositories/mosipqa/partner-management-service/tags/develop-pmp-revamp HTTP/1.1" 200 822 
 21-Jan-25 09:12:02  DEBUG  Starting new HTTPS connection (1): auth.docker.io:443 
 21-Jan-25 09:12:02  DEBUG  https://auth.docker.io:443 "GET /token?service=registry.docker.io&scope=repository:mosipqa/policy-management-service:pull HTTP/1.1" 200 None 
 21-Jan-25 09:12:02  DEBUG  Starting new HTTPS connection (1): registry-1.docker.io:443 
 21-Jan-25 09:12:02  DEBUG  https://registry-1.docker.io:443 "GET /v2/mosipqa/policy-management-service/manifests/develop-pmp-revamp HTTP/1.1" 200 2638 
 21-Jan-25 09:12:02  INFO   
 21-Jan-25 09:12:02  INFO  [ mosipqa/policy-management-service ]  
 21-Jan-25 09:12:02  INFO  Destination Image = "mosipqa/policy-management-service" Destination Image tag = "develop-pmp-revamp" IMAGE_ID : "sha256:c1c4b1a5683ba94d51f496cd2d80d107c56a5622668e2883e8f2728ab093edf7" 
 21-Jan-25 09:12:02  DEBUG  Starting new HTTPS connection (1): auth.docker.io:443 
 21-Jan-25 09:12:02  DEBUG  https://auth.docker.io:443 "GET /token?service=registry.docker.io&scope=repository:mosipqa/policy-management-service:pull HTTP/1.1" 200 None 
 21-Jan-25 09:12:02  DEBUG  Starting new HTTPS connection (1): registry.hub.docker.com:443 
 21-Jan-25 09:12:02  DEBUG  https://registry.hub.docker.com:443 "GET /v2/repositories/mosipqa/policy-management-service/tags/develop-pmp-revamp HTTP/1.1" 200 823 
 21-Jan-25 09:12:02  INFO   
 21-Jan-25 09:12:02  INFO  ******************** HASH Operation Results ********************************************************************** 
 21-Jan-25 09:12:02  INFO   
 21-Jan-25 09:12:02  INFO  ******************** Start Image Transfer operation *********************************************************************** 
 21-Jan-25 09:12:02  DEBUG  Trying paths: ['/home/runner/.docker/config.json', '/home/runner/.dockercfg'] 
 21-Jan-25 09:12:02  DEBUG  Found file at path: /home/runner/.docker/config.json 
 21-Jan-25 09:12:02  DEBUG  Found 'auths' section 
 21-Jan-25 09:12:02  DEBUG  Found entry (registry='https://index.docker.io/v1/', username='githubactions') 
 21-Jan-25 09:12:02  DEBUG  http://localhost:None "GET /version HTTP/1.1" 200 822 
 21-Jan-25 09:12:02  DEBUG  Looking for auth entry for 'docker.io' 
 21-Jan-25 09:12:02  DEBUG  Found 'https://index.docker.io/v1/' 
 21-Jan-25 09:12:02  DEBUG  http://localhost:None "POST /v1.45/auth HTTP/1.1" 200 48 
 21-Jan-25 09:12:02  INFO   
 21-Jan-25 09:12:02  INFO  ********** [ mosipqa/pmp-revamp-ui:develop ] **************************************************** 
 21-Jan-25 09:12:02  INFO   
 21-Jan-25 09:12:02  INFO   
 21-Jan-25 09:12:02  INFO  [ PULL ----------------------> mosipdev/pmp-revamp-ui:develop ]  
 21-Jan-25 09:12:02  INFO  ********** [ mosipqa/partner-management-service:develop-pmp-revamp ] **************************************************** 
 21-Jan-25 09:12:02  DEBUG  Looking for auth config 
 21-Jan-25 09:12:02  DEBUG  Looking for auth entry for 'docker.io' 
 21-Jan-25 09:12:02  DEBUG  Found 'https://index.docker.io/v1/' 
 21-Jan-25 09:12:02  DEBUG  Found auth config 
 21-Jan-25 09:12:02  INFO   
 21-Jan-25 09:12:02  INFO  [ PULL ----------------------> mosipdev/partner-management-service:develop-pmp-revamp ]  
 21-Jan-25 09:12:02  DEBUG  Looking for auth config 
 21-Jan-25 09:12:02  DEBUG  Looking for auth entry for 'docker.io' 
 21-Jan-25 09:12:02  DEBUG  Found 'https://index.docker.io/v1/' 
 21-Jan-25 09:12:02  DEBUG  Found auth config 
 21-Jan-25 09:12:02  INFO   
 21-Jan-25 09:12:02  INFO  ********** [ mosipqa/policy-management-service:develop-pmp-revamp ] **************************************************** 
 21-Jan-25 09:12:02  INFO   
 21-Jan-25 09:12:02  INFO  [ PULL ----------------------> mosipdev/policy-management-service:develop-pmp-revamp ]  
 21-Jan-25 09:12:02  DEBUG  Looking for auth config 
 21-Jan-25 09:12:02  DEBUG  Looking for auth entry for 'docker.io' 
 21-Jan-25 09:12:02  DEBUG  Found 'https://index.docker.io/v1/' 
 21-Jan-25 09:12:02  DEBUG  Found auth config 
 21-Jan-25 09:12:03  DEBUG  http://localhost:None "POST /v1.45/images/create?tag=develop&fromImage=mosipdev%2Fpmp-revamp-ui HTTP/1.1" 200 None 
 21-Jan-25 09:12:03  DEBUG  http://localhost:None "POST /v1.45/images/create?tag=develop-pmp-revamp&fromImage=mosipdev%2Fpartner-management-service HTTP/1.1" 200 None 
 21-Jan-25 09:12:03  DEBUG  http://localhost:None "POST /v1.45/images/create?tag=develop-pmp-revamp&fromImage=mosipdev%2Fpolicy-management-service HTTP/1.1" 200 None 
 21-Jan-25 09:12:12  INFO  Status: Downloaded newer image for mosipdev/pmp-revamp-ui:develop 
 21-Jan-25 09:12:12  DEBUG  http://localhost:None "POST /v1.45/images/mosipdev/pmp-revamp-ui:develop/tag?tag=develop&repo=mosipqa%2Fpmp-revamp-ui&force=1 HTTP/1.1" 201 0 
 21-Jan-25 09:12:12  INFO   
 21-Jan-25 09:12:12  INFO  [ PUSH -----> mosipdev/pmp-revamp-ui:develop	------> mosipqa/pmp-revamp-ui:develop ]  
 21-Jan-25 09:12:12  DEBUG  Looking for auth config 
 21-Jan-25 09:12:12  DEBUG  Looking for auth entry for 'docker.io' 
 21-Jan-25 09:12:12  DEBUG  Found 'https://index.docker.io/v1/' 
 21-Jan-25 09:12:12  DEBUG  Found auth config 
 21-Jan-25 09:12:12  DEBUG  http://localhost:None "POST /v1.45/images/mosipqa/pmp-revamp-ui/push?tag=develop HTTP/1.1" 200 None 
 21-Jan-25 09:12:15  INFO  develop: digest: sha256:5d1232d990f636517448a2d60d89484da99076979f9103cba271a8dafcf284dc size: 3862 
 21-Jan-25 09:12:15  INFO   
 21-Jan-25 09:12:15  INFO  [ PUSH -----> mosipdev/pmp-revamp-ui:develop	------> mosipqa/pmp-revamp-ui:latest ]  
 21-Jan-25 09:12:15  DEBUG  http://localhost:None "POST /v1.45/images/mosipdev/pmp-revamp-ui:develop/tag?tag=latest&repo=mosipqa%2Fpmp-revamp-ui&force=1 HTTP/1.1" 201 0 
 21-Jan-25 09:12:15  DEBUG  Looking for auth config 
 21-Jan-25 09:12:15  DEBUG  Looking for auth entry for 'docker.io' 
 21-Jan-25 09:12:15  DEBUG  Found 'https://index.docker.io/v1/' 
 21-Jan-25 09:12:15  DEBUG  Found auth config 
 21-Jan-25 09:12:15  DEBUG  http://localhost:None "POST /v1.45/images/mosipqa/pmp-revamp-ui/push?tag=latest HTTP/1.1" 200 None 
 21-Jan-25 09:12:17  INFO  latest: digest: sha256:5d1232d990f636517448a2d60d89484da99076979f9103cba271a8dafcf284dc size: 3862 
 21-Jan-25 09:12:17  DEBUG  http://localhost:None "GET /v1.45/images/json?only_ids=0&all=0&filters=%7B%22reference%22%3A+%5B%22mosipdev%2Fpmp-revamp-ui%3Adevelop%22%5D%7D HTTP/1.1" 200 437 
 21-Jan-25 09:12:17  DEBUG  http://localhost:None "GET /v1.45/images/sha256:8898c1930cf5a1e9eddc60afafa7f2629ba083c6ffa56f9e441446ba63576690/json HTTP/1.1" 200 None 
 21-Jan-25 09:12:17  DEBUG  http://localhost:None "DELETE /v1.45/images/mosipdev/pmp-revamp-ui:develop?force=False&noprune=False HTTP/1.1" 200 158 
 21-Jan-25 09:12:17  DEBUG  http://localhost:None "GET /v1.45/images/json?only_ids=0&all=0&filters=%7B%22reference%22%3A+%5B%22mosipqa%2Fpmp-revamp-ui%3Adevelop%22%5D%7D HTTP/1.1" 200 436 
 21-Jan-25 09:12:17  DEBUG  http://localhost:None "GET /v1.45/images/sha256:8898c1930cf5a1e9eddc60afafa7f2629ba083c6ffa56f9e441446ba63576690/json HTTP/1.1" 200 None 
 21-Jan-25 09:12:17  DEBUG  http://localhost:None "DELETE /v1.45/images/mosipqa/pmp-revamp-ui:develop?force=False&noprune=False HTTP/1.1" 200 47 
 21-Jan-25 09:12:17  DEBUG  http://localhost:None "GET /v1.45/images/json?only_ids=0&all=0&filters=%7B%22reference%22%3A+%5B%22mosipqa%2Fpmp-revamp-ui%3Alatest%22%5D%7D HTTP/1.1" 200 435 
 21-Jan-25 09:12:17  DEBUG  http://localhost:None "GET /v1.45/images/sha256:8898c1930cf5a1e9eddc60afafa7f2629ba083c6ffa56f9e441446ba63576690/json HTTP/1.1" 200 None 
 21-Jan-25 09:12:17  DEBUG  http://localhost:None "DELETE /v1.45/images/mosipqa/pmp-revamp-ui:latest?force=False&noprune=False HTTP/1.1" 200 1703 
 21-Jan-25 09:12:17  INFO  Completed mosipdev/pmp-revamp-ui:develop	------> mosipqa/pmp-revamp-ui:develop 
 21-Jan-25 09:12:22  INFO  Status: Downloaded newer image for mosipdev/policy-management-service:develop-pmp-revamp 
 21-Jan-25 09:12:22  INFO  Status: Downloaded newer image for mosipdev/partner-management-service:develop-pmp-revamp 
 21-Jan-25 09:12:22  DEBUG  http://localhost:None "POST /v1.45/images/mosipdev/policy-management-service:develop-pmp-revamp/tag?tag=develop-pmp-revamp&repo=mosipqa%2Fpolicy-management-service&force=1 HTTP/1.1" 201 0 
 21-Jan-25 09:12:22  INFO   
 21-Jan-25 09:12:22  INFO  [ PUSH -----> mosipdev/policy-management-service:develop-pmp-revamp	------> mosipqa/policy-management-service:develop-pmp-revamp ]  
 21-Jan-25 09:12:22  DEBUG  Looking for auth config 
 21-Jan-25 09:12:22  DEBUG  Looking for auth entry for 'docker.io' 
 21-Jan-25 09:12:22  DEBUG  Found 'https://index.docker.io/v1/' 
 21-Jan-25 09:12:22  DEBUG  Found auth config 
 21-Jan-25 09:12:22  DEBUG  http://localhost:None "POST /v1.45/images/mosipdev/partner-management-service:develop-pmp-revamp/tag?tag=develop-pmp-revamp&repo=mosipqa%2Fpartner-management-service&force=1 HTTP/1.1" 201 0 
 21-Jan-25 09:12:22  INFO   
 21-Jan-25 09:12:22  INFO  [ PUSH -----> mosipdev/partner-management-service:develop-pmp-revamp	------> mosipqa/partner-management-service:develop-pmp-revamp ]  
 21-Jan-25 09:12:22  DEBUG  Looking for auth config 
 21-Jan-25 09:12:22  DEBUG  http://localhost:None "POST /v1.45/images/mosipqa/policy-management-service/push?tag=develop-pmp-revamp HTTP/1.1" 200 None 
 21-Jan-25 09:12:22  DEBUG  Looking for auth entry for 'docker.io' 
 21-Jan-25 09:12:22  DEBUG  Found 'https://index.docker.io/v1/' 
 21-Jan-25 09:12:22  DEBUG  Found auth config 
 21-Jan-25 09:12:22  DEBUG  http://localhost:None "POST /v1.45/images/mosipqa/partner-management-service/push?tag=develop-pmp-revamp HTTP/1.1" 200 None 
 21-Jan-25 09:12:24  INFO  develop-pmp-revamp: digest: sha256:6d456ace5e67960631c924ec1c776799c44ff281314643a96cf193564ca71ebf size: 2640 
 21-Jan-25 09:12:24  INFO   
 21-Jan-25 09:12:24  INFO  [ PUSH -----> mosipdev/policy-management-service:develop-pmp-revamp	------> mosipqa/policy-management-service:latest ]  
 21-Jan-25 09:12:24  DEBUG  http://localhost:None "POST /v1.45/images/mosipdev/policy-management-service:develop-pmp-revamp/tag?tag=latest&repo=mosipqa%2Fpolicy-management-service&force=1 HTTP/1.1" 201 0 
 21-Jan-25 09:12:24  DEBUG  Looking for auth config 
 21-Jan-25 09:12:24  DEBUG  Looking for auth entry for 'docker.io' 
 21-Jan-25 09:12:24  DEBUG  Found 'https://index.docker.io/v1/' 
 21-Jan-25 09:12:24  DEBUG  Found auth config 
 21-Jan-25 09:12:24  DEBUG  http://localhost:None "POST /v1.45/images/mosipqa/policy-management-service/push?tag=latest HTTP/1.1" 200 None 
 21-Jan-25 09:12:25  INFO  develop-pmp-revamp: digest: sha256:415547aa69acfbe3083f3b93ea3fd4d2b97c2f731b96c8e219fbf2f6ce37c6aa size: 2638 
 21-Jan-25 09:12:25  INFO   
 21-Jan-25 09:12:25  INFO  [ PUSH -----> mosipdev/partner-management-service:develop-pmp-revamp	------> mosipqa/partner-management-service:latest ]  
 21-Jan-25 09:12:25  DEBUG  http://localhost:None "POST /v1.45/images/mosipdev/partner-management-service:develop-pmp-revamp/tag?tag=latest&repo=mosipqa%2Fpartner-management-service&force=1 HTTP/1.1" 201 0 
 21-Jan-25 09:12:25  DEBUG  Looking for auth config 
 21-Jan-25 09:12:25  DEBUG  Looking for auth entry for 'docker.io' 
 21-Jan-25 09:12:25  DEBUG  Found 'https://index.docker.io/v1/' 
 21-Jan-25 09:12:25  DEBUG  Found auth config 
 21-Jan-25 09:12:25  DEBUG  http://localhost:None "POST /v1.45/images/mosipqa/partner-management-service/push?tag=latest HTTP/1.1" 200 None 
 21-Jan-25 09:12:25  INFO  latest: digest: sha256:6d456ace5e67960631c924ec1c776799c44ff281314643a96cf193564ca71ebf size: 2640 
 21-Jan-25 09:12:25  DEBUG  http://localhost:None "GET /v1.45/images/json?only_ids=0&all=0&filters=%7B%22reference%22%3A+%5B%22mosipdev%2Fpolicy-management-service%3Adevelop-pmp-revamp%22%5D%7D HTTP/1.1" 200 395 
 21-Jan-25 09:12:25  DEBUG  http://localhost:None "GET /v1.45/images/sha256:ffbe6221e4c1b56538420f4fc98267cb5c339e3bd9824ac26263627dff1832f3/json HTTP/1.1" 200 None 
 21-Jan-25 09:12:25  DEBUG  http://localhost:None "DELETE /v1.45/images/mosipdev/policy-management-service:develop-pmp-revamp?force=False&noprune=False HTTP/1.1" 200 193 
 21-Jan-25 09:12:25  DEBUG  http://localhost:None "GET /v1.45/images/json?only_ids=0&all=0&filters=%7B%22reference%22%3A+%5B%22mosipqa%2Fpolicy-management-service%3Adevelop-pmp-revamp%22%5D%7D HTTP/1.1" 200 394 
 21-Jan-25 09:12:25  DEBUG  http://localhost:None "GET /v1.45/images/sha256:ffbe6221e4c1b56538420f4fc98267cb5c339e3bd9824ac26263627dff1832f3/json HTTP/1.1" 200 None 
 21-Jan-25 09:12:25  DEBUG  http://localhost:None "DELETE /v1.45/images/mosipqa/policy-management-service:develop-pmp-revamp?force=False&noprune=False HTTP/1.1" 200 70 
 21-Jan-25 09:12:25  DEBUG  http://localhost:None "GET /v1.45/images/json?only_ids=0&all=0&filters=%7B%22reference%22%3A+%5B%22mosipqa%2Fpolicy-management-service%3Alatest%22%5D%7D HTTP/1.1" 200 382 
 21-Jan-25 09:12:25  DEBUG  http://localhost:None "GET /v1.45/images/sha256:ffbe6221e4c1b56538420f4fc98267cb5c339e3bd9824ac26263627dff1832f3/json HTTP/1.1" 200 None 
 21-Jan-25 09:12:25  DEBUG  http://localhost:None "DELETE /v1.45/images/mosipqa/policy-management-service:latest?force=False&noprune=False HTTP/1.1" 200 609 
 21-Jan-25 09:12:25  INFO  Completed mosipdev/policy-management-service:develop-pmp-revamp	------> mosipqa/policy-management-service:develop-pmp-revamp 
 21-Jan-25 09:12:26  INFO  latest: digest: sha256:415547aa69acfbe3083f3b93ea3fd4d2b97c2f731b96c8e219fbf2f6ce37c6aa size: 2638 
 21-Jan-25 09:12:26  DEBUG  http://localhost:None "GET /v1.45/images/json?only_ids=0&all=0&filters=%7B%22reference%22%3A+%5B%22mosipdev%2Fpartner-management-service%3Adevelop-pmp-revamp%22%5D%7D HTTP/1.1" 200 396 
 21-Jan-25 09:12:26  DEBUG  http://localhost:None "GET /v1.45/images/sha256:ea289143e9d029ae6d8147cd7b39a5100bc1365ddb260417790ffc4c4e4fdf01/json HTTP/1.1" 200 None 
 21-Jan-25 09:12:26  DEBUG  http://localhost:None "DELETE /v1.45/images/mosipdev/partner-management-service:develop-pmp-revamp?force=False&noprune=False HTTP/1.1" 200 195 
 21-Jan-25 09:12:26  DEBUG  http://localhost:None "GET /v1.45/images/json?only_ids=0&all=0&filters=%7B%22reference%22%3A+%5B%22mosipqa%2Fpartner-management-service%3Adevelop-pmp-revamp%22%5D%7D HTTP/1.1" 200 395 
 21-Jan-25 09:12:26  DEBUG  http://localhost:None "GET /v1.45/images/sha256:ea289143e9d029ae6d8147cd7b39a5100bc1365ddb260417790ffc4c4e4fdf01/json HTTP/1.1" 200 None 
 21-Jan-25 09:12:26  DEBUG  http://localhost:None "DELETE /v1.45/images/mosipqa/partner-management-service:develop-pmp-revamp?force=False&noprune=False HTTP/1.1" 200 71 
 21-Jan-25 09:12:26  DEBUG  http://localhost:None "GET /v1.45/images/json?only_ids=0&all=0&filters=%7B%22reference%22%3A+%5B%22mosipqa%2Fpartner-management-service%3Alatest%22%5D%7D HTTP/1.1" 200 383 
 21-Jan-25 09:12:26  DEBUG  http://localhost:None "GET /v1.45/images/sha256:ea289143e9d029ae6d8147cd7b39a5100bc1365ddb260417790ffc4c4e4fdf01/json HTTP/1.1" 200 None 
 21-Jan-25 09:12:26  DEBUG  http://localhost:None "DELETE /v1.45/images/mosipqa/partner-management-service:latest?force=False&noprune=False HTTP/1.1" 200 1213 
 21-Jan-25 09:12:26  INFO  Completed mosipdev/partner-management-service:develop-pmp-revamp	------> mosipqa/partner-management-service:develop-pmp-revamp 
